[www.kiwiinvest.co.nz/home.html]
[backblue.gif]
[fade.gif]
[index.html]
[www.kiwiinvest.co.nz/hubfs/32@1x.png]
[www.kiwiinvest.co.nz/hs/hsstatic/jquery-libs/static-1.4/jquery/jquery-1.11.2.js]
[www.kiwiinvest.co.nz/hs/hsstatic/jquery-libs/static-1.4/jquery-migrate/jquery-migrate-1.2.1.js]
[www.kiwiinvest.co.nz/hs-fs/hub/703880/hub_generated/module_assets/1557366030201/module_6071243868_Marketplace_Ascend_Inbound_Marketing_Better_Vertical_Spacer_Better_Vertical_Spacer.min.css]
[use.fontawesome.com/04a93d45ff.js]
[connect.facebook.net/en_US/fbevents.js]
[munchkin.marketo.net/munchkin.js]
[cdn2.hubspot.net/hub/-1/hub_generated/template_assets/1495141902003/hubspot_default/shared/responsive/layout.min.css]
[www.kiwiinvest.co.nz/hs-fs/hub/703880/hub_generated/template_assets/3884921203/1569676133881/Coded_files/Custom/page/GMI_Assets/FontAwesome.min.css]
[www.kiwiinvest.co.nz/hs-fs/hub/703880/hub_generated/template_assets/5471667797/1606894184425/Coded_files/Custom/page/Kiwi_Investment_Management/KI-styles.min.css]
[www.kiwiinvest.co.nz/hs-fs/hub/703880/hub_generated/template_assets/38063855705/1607377131792/Coded_files/Custom/page/Kiwi_Investment_Management/KI-nav-style.min.css]
[www.kiwiinvest.co.nz/hs-fs/hub/703880/hub_generated/template_assets/9315235190/1606787462846/Templates_/Custom/Page/Kiwi_Investment_Management/Carousel-style.css]
[www.kiwiinvest.co.nz/generated_global_groups/38257060736.html]
[www.kiwiinvest.co.nz/hs-fs/hubfs/Kiwi Investment Management/Logos/Kiwi-Invest-Outline-white-reg-tm8647.png]
[www.kiwiinvest.co.nz/our-difference.html]
[www.kiwiinvest.co.nz/our-difference/responsible-investment-policy.html]
[www.kiwiinvest.co.nz/our-approach.html]
[www.kiwiinvest.co.nz/our-people.html]
[www.kiwiinvest.co.nz/investment-insights.html]
[www.kiwiinvest.co.nz/contact-us.html]
[www.kiwiinvest.co.nz/hubfs/Kiwi Investment Management/LocalGlobal-Homepage-1800x500.jpg]
[www.kiwiinvest.co.nz/hubfs/Kiwi Investment Management/LongtermReturns-Homepage-1800x500.jpg]
[www.kiwiinvest.co.nz/hubfs/Kiwi Investment Management/NoGoalsButYours-Homepage-1800x500.jpg]
[www.kiwiinvest.co.nz/hubfs/Kiwi Investment Management/Transparency-Homepage-1800x500.jpg]
[www.kiwiinvest.co.nz/hubfs/Kiwi Investment Management/ResponsibleInvestment-Homepage-1800x500.jpg]
[www.kiwiinvest.co.nz/hubfs/Kiwi Investment Management/Icons/Private-Investors.svg]
[www.kiwiinvest.co.nz/hubfs/Kiwi Investment Management/Icons/Charities.svg]
[fast.wistia.com/assets/external/E-v1.js]
[www.kiwiinvest.co.nz/hubfs/Kiwi Investment Management/Icons/Iwi.svg]
[www.kiwiinvest.co.nz/hubfs/Kiwi Investment Management/Icons/Wholesale-Investors.svg]
[www.kiwiinvest.co.nz/hs-fs/hubfs/identity/logos/KW-65pxc8d7.png]
[www.kiwiinvest.co.nz/generated_global_groups/5481431955.html]
[no-cache.hubspot.com/cta/default/703880/f31ec4e3-5f7b-4de7-a4fe-e827783ab80a.png]
[www.kiwiinvest.co.nz/hs/cta/cta/current.js]
[www.kiwiinvest.co.nz/generated_global_groups/5477551338.html]
[www.kiwiinvest.co.nz/privacy.html]
[www.kiwiinvest.co.nz/POST]
[www.kiwiinvest.co.nz/hs-fs/hub/703880/hub_generated/template_assets/5525845371/1569676172625/Coded_files/Custom/page/Kiwi_Investment_Management/CompanyMain.js]
[www.kiwiinvest.co.nz/hs-fs/hub/703880/hub_generated/template_assets/5487985031/1569676171679/Coded_files/Custom/page/Kiwi_Investment_Management/KI-vertical-tabs.js]
[www.kiwiinvest.co.nz/hs-fs/hub/703880/hub_generated/template_assets/9311717439/1569676184007/Templates_/Custom/Page/Kiwi_Investment_Management/bootstrap.js]
[www.kiwiinvest.co.nz/hs-fs/hub/703880/hub_generated/template_assets/3906398548/1569676163830/Coded_files/Custom/page/GMI_Assets/Slick.min.js]
[www.kiwiinvest.co.nz/hs-fs/hub/703880/hub_generated/template_assets/38194478917/1606876985316/Coded_files/Custom/system/GMI_Assets/KI_script.min.js]
[www.kiwiinvest.co.nz/hs/hsstatic/cos-i18n/static-1.27/bundles/project.js]
[www.kiwiinvest.co.nz/hs/hsstatic/keyboard-accessible-menu-flyouts/static-1.17/bundles/project.js]
[www.kiwiinvest.co.nz/hs/scriptloader/703880.js]
[www.kiwiinvest.co.nz/home.html]
[www.kiwiinvest.co.nz/hs-fs/hub/703880/hub_generated/module_assets/1557366030201/module_6071243868_Marketplace_Ascend_Inbound_Marketing_Better_Vertical_Spacer_Better_Vertical_Spacer.min.css]
[www.googletagmanager.com/gtm5445.html]
[connect.facebook.net/en_US/fbevents.js]
[munchkin.marketo.net/munchkin.js]
[cdn2.hubspot.net/hub/-1/hub_generated/template_assets/1495141902003/hubspot_default/shared/responsive/layout.min.css]
[www.kiwiinvest.co.nz/hs-fs/hub/703880/hub_generated/template_assets/3884921203/1569676133881/Coded_files/Custom/page/GMI_Assets/FontAwesome.min.css]
[www.kiwiinvest.co.nz/hs-fs/hub/703880/hub_generated/template_assets/5471667797/1606894184425/Coded_files/Custom/page/Kiwi_Investment_Management/KI-styles.min.css]
[www.kiwiinvest.co.nz/hs/hsstatic/HubspotToolsMenu/static-1.79/js/index.js]
[static.hubspot.com/final/img/common/icons/social/facebook-24x24.png]
[static.hubspot.com/final/img/common/icons/social/linkedin-24x24.png]
[static.hubspot.com/final/img/common/icons/social/twitter-24x24.png]
[static.hubspot.com/final/img/common/icons/social/googleplus-24x24.png]
[static.hsappstatic.net/content_shared_assets/static-1.3935/img/bg_direction_nav.png]
[www.kiwiinvest.co.nz/hs-fs/hub/703880/hub_generated/template_assets/38063855705/1607377131792/Coded_files/Custom/page/Kiwi_Investment_Management/KI-nav-style.min.css]
[www.kiwiinvest.co.nz/hs-fs/hub/703880/hub_generated/template_assets/9315235190/1606787462846/Templates_/Custom/Page/Kiwi_Investment_Management/Carousel-style.css]
[www.kiwiinvest.co.nz/generated_global_groups/38257060736.html]
[www.kiwiinvest.co.nz/generated_global_groups/20770673989.html]
[no-cache.hubspot.com/cta/default/703880/079bc490-3ef0-4c0d-b58c-c4f5926de336.png]
[www.kiwiinvest.co.nz/hubfs/Kiwi Investment Management/Icons/Safe Hands.svg]
[www.kiwiinvest.co.nz/hubfs/Kiwi Investment Management/Icons/Invested In NZ.svg]
[www.kiwiinvest.co.nz/hubfs/Kiwi Investment Management/Icons/Flexible.svg]
[www.kiwiinvest.co.nz/hubfs/Kiwi Investment Management/Icons/No Interests Wholesale.svg]
[www.kiwiinvest.co.nz/hubfs/Kiwi Investment Management/Icons/Responsible Iinvestments.svg]
[no-cache.hubspot.com/cta/default/703880/91089b61-6e9f-4ffd-8b1c-ebde2492aca9.png]
[www.kiwiinvest.co.nz/our-difference.html]
[www.kiwiinvest.co.nz/our-difference/generated_global_groups/38257060736.html]
[www.kiwiinvest.co.nz/our-difference/generated_global_groups/5471566366.html]
[www.kiwiinvest.co.nz/hs-fs/hubfs/PRI-Sig-Web-V1aa12.png]
[www.kiwiinvest.co.nz/hubfs/Kiwi Investment Management/Kiwi Invest Responsible Investment Policy.pdf]
[www.kiwiinvest.co.nz/our-difference/responsible-investment-policy/proxy-voting.html]
[www.kiwiinvest.co.nz/responsible-investment-policy/exclusions.html]
[www.kiwiinvest.co.nz/our-difference/generated_global_groups/20759371018.html]
[www.kiwiinvest.co.nz/our-difference/generated_global_groups/5477551338.html]
[www.kiwiinvest.co.nz/our-difference/POST]
[www.kiwiinvest.co.nz/our-difference/responsible-investment-policy.html]
[www.kiwiinvest.co.nz/hubfs/Kiwi Investment Management/Icons/Building- Understanding.svg]
[www.kiwiinvest.co.nz/hubfs/Kiwi Investment Management/Icons/Talking Risk.svg]
[www.kiwiinvest.co.nz/hubfs/Kiwi Investment Management/Icons/Evaluating & Selecting.svg]
[www.kiwiinvest.co.nz/hubfs/Kiwi Investment Management/Icons/Optimising- Performance.svg]
[www.kiwiinvest.co.nz/generated_global_groups/5471566366.html]
[www.kiwiinvest.co.nz/hubfs/Kiwi Investment Management/Icons/arrow-empty.png]
[www.kiwiinvest.co.nz/hubfs/Kiwi Investment Management/Icons/arrow-third-full.png]
[no-cache.hubspot.com/cta/default/703880/6e78d538-1584-426e-847c-b6e7e4e2c638.png]
[www.kiwiinvest.co.nz/hubfs/Kiwi Investment Management/Icons/arrow-two-thirds-full.png]
[no-cache.hubspot.com/cta/default/703880/664c749a-116e-44f1-9ffb-9b978858954e.png]
[www.kiwiinvest.co.nz/hubfs/Kiwi Investment Management/Icons/arrow-full.png]
[no-cache.hubspot.com/cta/default/703880/22a44f01-8486-4f71-b78f-26207c9bc988.png]
[www.kiwiinvest.co.nz/hs-fs/hubfs/Kiwi Investment Management/Our Funds graphic129b.png]
[no-cache.hubspot.com/cta/default/703880/3b446bb6-4c81-4ec9-832f-cb5d48826696.png]
[www.kiwiinvest.co.nz/hubfs/Kiwi Investment Management/high-risk-line.png]
[www.kiwiinvest.co.nz/hubfs/Kiwi Investment Management/low-risk-line.png]
[www.kiwiinvest.co.nz/globalthematic.html]
[no-cache.hubspot.com/cta/default/703880/c8bad94d-2e36-4cd9-ab48-77535a4937c0.png]
[no-cache.hubspot.com/cta/default/703880/dd77a5b5-f9d5-4517-a137-fd1ca7785f95.png]
[no-cache.hubspot.com/cta/default/703880/ca0103b5-e7cc-4f65-8243-4252f0b3bc93.png]
[no-cache.hubspot.com/cta/default/703880/e8df6fbc-f357-4247-a374-2dac8fdb0a42.png]
[no-cache.hubspot.com/cta/default/703880/636ad0ed-a585-4a88-92fd-ad2206597192.png]
[www.kiwiinvest.co.nz/hubfs/growth-line.png]
[no-cache.hubspot.com/cta/default/703880/5fe99014-401d-423f-863a-08efe359426d.png]
[no-cache.hubspot.com/cta/default/703880/2ad7de79-9f60-491a-9080-94a11f7e65d7.png]
[www.kiwiinvest.co.nz/generated_global_groups/20759370933.html]
[www.kiwiinvest.co.nz/our-approach.html]
[www.kiwiinvest.co.nz/simon-ogrady.html]
[www.kiwiinvest.co.nz/hs-fs/hubfs/Kiwi Investment Management/Team/simon973c.png]
[www.kiwiinvest.co.nz/susan-easton.html]
[www.kiwiinvest.co.nz/hs-fs/hubfs/Kiwi Investment Management/Team/susanff4a.png]
[www.kiwiinvest.co.nz/diana-gordon.html]
[www.kiwiinvest.co.nz/hs-fs/hubfs/Kiwi Investment Management/Team/diana97fb.png]
[www.kiwiinvest.co.nz/peter-verhaart.html]
[www.kiwiinvest.co.nz/hs-fs/hubfs/Kiwi Investment Management/Team/peterd15b.png]
[www.kiwiinvest.co.nz/roger-browne.html]
[www.kiwiinvest.co.nz/hs-fs/hubfs/Kiwi Investment Management/Team/roger8f77.png]
[www.kiwiinvest.co.nz/dennis-edel.html]
[www.kiwiinvest.co.nz/hs-fs/hubfs/Kiwi Investment Management/Team/denniseebb.png]
[www.kiwiinvest.co.nz/hs-fs/hubfs/aileen-2f8bf.png]
[www.kiwiinvest.co.nz/matthew-laing.html]
[www.kiwiinvest.co.nz/hs-fs/hubfs/Matthew Laing 160px4237.jpg]
[www.kiwiinvest.co.nz/nathan-field.html]
[www.kiwiinvest.co.nz/hs-fs/hubfs/Kiwi Investment Management/Team/nathand47c.png]
[www.kiwiinvest.co.nz/steffan-berridge.html]
[www.kiwiinvest.co.nz/hs-fs/hubfs/Kiwi Investment Management/Team/steffancf94.png]
[www.kiwiinvest.co.nz/frank-braden.html]
[www.kiwiinvest.co.nz/hs-fs/hubfs/Kiwi Investment Management/Team/frankc7c1.png]
[www.kiwiinvest.co.nz/greg-hayton.html]
[www.kiwiinvest.co.nz/hs-fs/hubfs/Kiwi Investment Management/Team/greg63c1.png]
[www.kiwiinvest.co.nz/robert-murray.html]
[www.kiwiinvest.co.nz/hs-fs/hubfs/Kiwi Investment Management/Team/Rob-Murray450a.png]
[www.kiwiinvest.co.nz/johnson-weng.html]
[www.kiwiinvest.co.nz/hs-fs/hubfs/Kiwi Investment Management/Team/johnson-weng8df7.png]
[www.kiwiinvest.co.nz/paul-shucksmith.html]
[www.kiwiinvest.co.nz/hs-fs/hubfs/paul shucksmithaf27.jpg]
[www.kiwiinvest.co.nz/hs-fs/hubfs/Kiwi Investment Management/Team/Regan-Edwards8708.png]
[www.kiwiinvest.co.nz/regan-edwards.html]
[www.kiwiinvest.co.nz/di-zhu.html]
[www.kiwiinvest.co.nz/hs-fs/hubfs/di zhu resize3229.jpg]
[www.kiwiinvest.co.nz/daniel-collett.html]
[www.kiwiinvest.co.nz/hs-fs/hubfs/dan0056.png]
[www.kiwiinvest.co.nz/vinko-marinovic.html]
[www.kiwiinvest.co.nz/hs-fs/hubfs/vinko0340.png]
[www.kiwiinvest.co.nz/benjamin-wilton.html]
[www.kiwiinvest.co.nz/hs-fs/hubfs/benjamin3ba7.png]
[www.kiwiinvest.co.nz/hs-fs/hubfs/Kiwi Investment Management/Team/paul-shucksmithe75e.png]
[www.kiwiinvest.co.nz/hubfs/Kiwi Investment Management/Organisation-chart (4).svg]
[www.kiwiinvest.co.nz/generated_global_groups/20759370966.html]
[www.kiwiinvest.co.nz/our-people.html]
[www.kiwiinvest.co.nz/hs-fs/hub/703880/hub_generated/module_assets/1574892338835/module_20771033711_Callout_Download_Item_-_Ungated.min.css]
[www.kiwiinvest.co.nz/hs-fs/hub/703880/hub_generated/module_assets/1574892296119/module_22118541136_Callout_Download_Item_-_Gated.min.css]
[www.kiwiinvest.co.nz/hs-fs/hub/703880/hub_generated/module_assets/1574892041476/module_12615420708_Blog_Download_Item_-_Sidebar.min.css]
[www.kiwiinvest.co.nz/hs-fs/hub/703880/hub_generated/module_assets/1574892668893/module_22224176029_Blog_Download_Item_-_Sidebar_gated.min.css]
[www.kiwiinvest.co.nz/hs-fs/hub/703880/hub_generated/module_assets/1574820108904/module_22121942468_Optional_newsletter_signup.min.css]
[www.kiwiinvest.co.nz/hs/hsstatic/AsyncSupport/static-1.89/sass/rss_post_listing.css]
[www.kiwiinvest.co.nz/investment-insights/rss.xml]
[www.kiwiinvest.co.nz/hs-fs/hub/703880/hub_generated/template_assets/3900428282/1569676134084/Coded_files/Custom/page/GMI_Assets/Slick.min.css]
[www.kiwiinvest.co.nz/hs-fs/hub/703880/hub_generated/template_assets/6817560157/1569676152586/Marketplace/March_2019_Campaign/R_Word_-_blog/Coded_Files/slick-theme.min.css]
[www.kiwiinvest.co.nz/investment-insights/page/2.html]
[www.kiwiinvest.co.nz/investment-insights/pandemic-baby-boom-a-bust.html]
[www.kiwiinvest.co.nz/hubfs/Fertility&COVID-600px.jpg]
[www.kiwiinvest.co.nz/investment-insights/us-election-comfort-in-gridlock.html]
[www.kiwiinvest.co.nz/hubfs/WhiteHouseVCapitol.jpg]
[www.kiwiinvest.co.nz/2020-seminar-updates.html]
[www.kiwiinvest.co.nz/hubfs/RoadAheadImage.jpg]
[www.kiwiinvest.co.nz/investment-insights/kiwi-invest-secures-movac-investment.html]
[www.kiwiinvest.co.nz/hubfs/Movac-Primary-RGB-72-Transparent_150402-2.png]
[www.kiwiinvest.co.nz/investment-insights/green-washing-undermines-true-responsible-investment.html]
[www.kiwiinvest.co.nz/hubfs/Kiwi-Invest-Mossgreen-Tag-CMYK.jpg]
[www.kiwiinvest.co.nz/investment-insights/rbnz-outlook-remains-dovish.html]
[www.kiwiinvest.co.nz/hubfs/BinocularDollars.jpg]
[www.kiwiinvest.co.nz/investment-insights/how-were-working-to-reduce-the-performance-impact-of-covid-19.html]
[www.kiwiinvest.co.nz/hubfs/shutterstock_457429558.jpg]
[www.kiwiinvest.co.nz/investment-insights/turning-ethics-into-action-the-kiwi-way.html]
[www.kiwiinvest.co.nz/hubfs/Kiwi Investment Management/paintbrush-ri.jpg]
[www.kiwiinvest.co.nz/investment-insights/budget-2020-delicate-sound-of-thunder.html]
[www.kiwiinvest.co.nz/hubfs/budget 2020.jpg]
[www.kiwiinvest.co.nz/investment-insights/covid-19-regular-market-update.html]
[www.kiwiinvest.co.nz/hubfs/200330-dj-graph.jpg]
[www.kiwiinvest.co.nz/investment-insights/what-its-like-to-make-billion-dollar-investment-decisions-during-covid-19.html]
[www.kiwiinvest.co.nz/hubfs/Diana.jpg]
[www.kiwiinvest.co.nz/investment-insights/should-i-panic-and-sell-or-hold-tight.html]
[www.kiwiinvest.co.nz/hubfs/Kiwi Investment Management/Team/simon.png]
[www.kiwiinvest.co.nz/investment-insights/the-manic-monday-guide-to-market-panic.html]
[www.kiwiinvest.co.nz/hubfs/200326-sharesgraph-ki.png]
[www.kiwiinvest.co.nz/investment-insights/coronavirus-market-impact-update.html]
[www.kiwiinvest.co.nz/hubfs/bed-empty-equipments-floor-236380.jpg]
[www.kiwiinvest.co.nz/investment-insights/a-locals-global-view-us-/-uk-market-update.html]
[www.kiwiinvest.co.nz/hubfs/Uk-Parliament.jpg]
[www.kiwiinvest.co.nz/investment-insights/wake-up-and-go-spend.html]
[www.kiwiinvest.co.nz/hubfs/adult-antioxidant-beach-1332194.jpg]
[www.kiwiinvest.co.nz/investment-insights/markets-barely-reacting-to-new-british-pm-but-brexit-could-change-everything.html]
[www.kiwiinvest.co.nz/hubfs/1.Website_Images/19._KI_OurUpdates/1. Smart Thinking/KW blogs migration/BoJo (1).jpg]
[www.kiwiinvest.co.nz/investment-insights/investing-in-social-media-companies.html]
[www.kiwiinvest.co.nz/hubfs/1.Website_Images/19._KI_OurUpdates/1. Smart Thinking/KW blogs migration/con-karampelas-1178814-unsplash.jpg]
[www.kiwiinvest.co.nz/investment-insights/nesting-a-global-theme-growing-within-lockdown.html]
[www.kiwiinvest.co.nz/hubfs/nesting.jpg]
[www.kiwiinvest.co.nz/investment-insights/global-beauty-an-investors-look.html]
[www.kiwiinvest.co.nz/hubfs/KiwiInvest-GlobalBeauty01-LinkedIn.jpg]
[www.kiwiinvest.co.nz/investment-insights/taking-responsibility-further.html]
[www.kiwiinvest.co.nz/hubfs/1.Website_Images/19._KI_OurUpdates/2. Key Questions/10_ResponsibleInvesting-Tile.jpg]
[www.kiwiinvest.co.nz/investment-insights/the-active-advantage.html]
[www.kiwiinvest.co.nz/hubfs/1.Website_Images/19._KI_OurUpdates/1. Smart Thinking/ActiveAdvantage-Tile.jpg]
[www.kiwiinvest.co.nz/investment-insights/why-the-pet-pampering-market-has-investors-panting.html]
[www.kiwiinvest.co.nz/hubfs/1.Website_Images/19._KI_OurUpdates/1. Smart Thinking/KW blogs migration/image-from-rawpixel-id-542161-jpeg (1).jpg]
[www.kiwiinvest.co.nz/investment-insights/heres-why-fast-fashion-is-slowing-down-as-an-investment-theme.html]
[www.kiwiinvest.co.nz/hubfs/1.Website_Images/19._KI_OurUpdates/1. Smart Thinking/KW blogs migration/fashion-1031469_640 (1).jpg]
[www.kiwiinvest.co.nz/investment-insights/what-should-i-look-out-for-when-it-comes-to-responsible-investing.html]
[www.kiwiinvest.co.nz/investment-insights/how-do-i-know-what-im-paying-for.html]
[www.kiwiinvest.co.nz/hubfs/1.Website_Images/19._KI_OurUpdates/2. Key Questions/09_FeeTransparency-Tile.jpg]
[www.kiwiinvest.co.nz/investment-insights/how-can-i-make-reporting-work-for-my-charity.html]
[www.kiwiinvest.co.nz/hubfs/1.Website_Images/19._KI_OurUpdates/2. Key Questions/07_ReportingPrivate-Tile-1.jpg]
[www.kiwiinvest.co.nz/investment-insights/what-should-my-reporting-tell-me.html]
[www.kiwiinvest.co.nz/hubfs/07_ReportingPrivate-Tile.jpg]
[www.kiwiinvest.co.nz/investment-insights/how-can-i-make-sure-my-eggs-arent-in-one-basket.html]
[www.kiwiinvest.co.nz/hubfs/06_Diversification-Tile.jpg]
[www.kiwiinvest.co.nz/investment-insights/why-is-it-important-to-take-a-long-term-view.html]
[www.kiwiinvest.co.nz/hubfs/05_LongTerm-Tile.jpg]
[www.kiwiinvest.co.nz/investment-insights/what-should-investors-discuss-upfront-with-an-adviser.html]
[www.kiwiinvest.co.nz/hubfs/02_DiscussUpfront-Tile.jpg]
[www.kiwiinvest.co.nz/investment-insights/why-should-investors-consider-risk-before-reward.html]
[www.kiwiinvest.co.nz/hubfs/04_RiskBeforeReward-Tile.jpg]
[www.kiwiinvest.co.nz/investment-insights/how-do-i-define-a-risk-budget.html]
[www.kiwiinvest.co.nz/hubfs/03_RiskBudget-Tile.jpg]
[www.kiwiinvest.co.nz/investment-insights/what-should-every-good-sipo-cover.html]
[www.kiwiinvest.co.nz/hubfs/01_SIPO-Tile.jpg]
[www.kiwiinvest.co.nz/investment-insights/market-update-november.html]
[www.kiwiinvest.co.nz/hubfs/Kiwi Investment Management/Monthly update (Missive)/GlobalMarketUpdate-NOVDEC-1200px.png]
[www.kiwiinvest.co.nz/investment-insights/market-update-october.html]
[www.kiwiinvest.co.nz/hubfs/GlobalMarketUpdate-OctNov-1200px.png]
[www.kiwiinvest.co.nz/investment-insights/market-update-september.html]
[www.kiwiinvest.co.nz/hubfs/GlobalMarketUpdate-SeptOct-1200px.png]
[www.kiwiinvest.co.nz/investment-insights/market-update-august-2020.html]
[www.kiwiinvest.co.nz/hubfs/Kiwi Investment Management/Monthly update (Missive)/GlobalMarketUpdate-JulyAug-1200px.png]
[www.kiwiinvest.co.nz/investment-insights/market-update-july-2020.html]
[www.kiwiinvest.co.nz/investment-insights/market-update-june-2020.html]
[www.kiwiinvest.co.nz/hubfs/Kiwi Investment Management/Monthly update (Missive)/GlobalMarketUpdate-JuneJuly-1200px.png]
[www.kiwiinvest.co.nz/investment-insights/market-update-may-2020.html]
[www.kiwiinvest.co.nz/hubfs/Kiwi Investment Management/Monthly update (Missive)/GlobalMarketUpdate-MayJune-600px.png]
[www.kiwiinvest.co.nz/investment-insights/market-update-april-2020.html]
[www.kiwiinvest.co.nz/hubfs/Kiwi Investment Management/Monthly update (Missive)/GlobalMarketUpdate-APR-MAY-1200px.png]
[www.kiwiinvest.co.nz/investment-insights/market-update-march-2020.html]
[www.kiwiinvest.co.nz/hubfs/MAR_APR-GlobalMarketUpdate.png]
[www.kiwiinvest.co.nz/investment-insights/market-update-february-2020.html]
[www.kiwiinvest.co.nz/hubfs/Kiwi Investment Management/Email/GlobalMarketUpdate-Template-MARCH.png]
[www.kiwiinvest.co.nz/investment-insights/market-update-january-2020.html]
[www.kiwiinvest.co.nz/hubfs/Kiwi Investment Management/Monthly update (Missive)/Feb-GlobalMarketUpdate-Template.png]
[www.kiwiinvest.co.nz/investment-insights/2019-review-2020-outlook.html]
[www.kiwiinvest.co.nz/hubfs/Kiwi Investment Management/2019Review GRAPHICS.png]
[www.kiwiinvest.co.nz/investment-insights/market-update-november-2019.html]
[www.kiwiinvest.co.nz/hubfs/Kiwi Investment Management/Monthly update (Missive)/Nov-Dec-GlobalMarketUpdate-1200px.png]
[www.kiwiinvest.co.nz/investment-insights/market-update-august-2019-0-0.html]
[www.kiwiinvest.co.nz/hubfs/Kiwi Investment Management/GlobalMarketUpdate-15.10.png]
[www.kiwiinvest.co.nz/investment-insights/market-update-august-2019-0.html]
[www.kiwiinvest.co.nz/hubfs/1.Website_Images/19._KI_OurUpdates/3. Market Updates/2019-09 September/GlobalMarketUpdate-Graphics-Sept19.png]
[www.kiwiinvest.co.nz/investment-insights/market-update-august-2019.html]
[www.kiwiinvest.co.nz/hubfs/1.Website_Images/19._KI_OurUpdates/3. Market Updates/2019-08 August/GlobalMarketUpdate-JULY.png]
[js.hsforms.net/forms/v2.js]
[www.kiwiinvest.co.nz/investment-insights.html]
[www.kiwiinvest.co.nz/hs/hsstatic/AsyncSupport/static-1.89/js/post_listing_asset.js]
[www.kiwiinvest.co.nz/hs-fs/hubfs/Kiwi Investment Management/peter-bwbc8d.png]
[www.kiwiinvest.co.nz/hs-fs/hubfs/Kiwi Investment Management/Team/roger5136.png]
[www.kiwiinvest.co.nz/hs-fs/hubfs/Kiwi Investment Management/Team/dennisa94e.png]
[www.kiwiinvest.co.nz/hs-fs/hubfs/Kiwi Investment Management/Team/Aileen6eca.png]
[www.kiwiinvest.co.nz/hs-fs/hubfs/Kiwi Investment Management/Team/peter8962.png]
[www.kiwiinvest.co.nz/hs-fs/hubfs/Kiwi Investment Management/Team/roger7edf.png]
[www.kiwiinvest.co.nz/hs-fs/hubfs/Kiwi Investment Management/Team/dennis8137.png]
[www.kiwiinvest.co.nz/hs-fs/hubfs/Kiwi Investment Management/Team/Aileen6da7.png]
[www.kiwiinvest.co.nz/contact-us.html]
[www.kiwiinvest.co.nz/hubfs/Kiwi Investment Management/Icons/Private-Investors.svg]
[www.kiwiinvest.co.nz/hubfs/Kiwi Investment Management/Icons/Charities.svg]
[www.kiwiinvest.co.nz/hubfs/Kiwi Investment Management/Icons/Iwi.svg]
[www.kiwiinvest.co.nz/hubfs/Kiwi Investment Management/Icons/Wholesale-Investors.svg]
[www.kiwiinvest.co.nz/generated_global_groups/5481431955.html]
[www.kiwiinvest.co.nz/generated_global_groups/5477551338.html]
[www.kiwiinvest.co.nz/_hcms/forms/v2.js]
[www.kiwiinvest.co.nz/hs-fs/hub/703880/hub_generated/module_assets/1557366027117/module_5707549722_HubSpot_Modules_KI_-_Accordion_Toggle.min.css]
[www.kiwiinvest.co.nz/hubfs/Kiwi Investment Management/Icons/Up-arrow.svg]
[www.kiwiinvest.co.nz/privacy.html]
[www.kiwiinvest.co.nz/POST.html]
[www.kiwiinvest.co.nz/generated_global_groups/20770673989.html]
[www.kiwiinvest.co.nz/hubfs/Kiwi Investment Management/Icons/Safe Hands.svg]
[www.kiwiinvest.co.nz/hubfs/Kiwi Investment Management/Icons/Invested In NZ.svg]
[www.kiwiinvest.co.nz/hubfs/Kiwi Investment Management/Icons/Flexible.svg]
[www.kiwiinvest.co.nz/hubfs/Kiwi Investment Management/Icons/No Interests Wholesale.svg]
[www.kiwiinvest.co.nz/hubfs/Kiwi Investment Management/Icons/Responsible Iinvestments.svg]
[www.kiwiinvest.co.nz/our-difference/generated_global_groups/38257060736.html]
[www.kiwiinvest.co.nz/our-difference/generated_global_groups/5471566366.html]
[www.kiwiinvest.co.nz/hs-fs/hub/703880/hub_generated/module_assets/1557366026947/module_5707549722_HubSpot_Modules_KI_-_Accordion_Toggle.min.js]
[www.kiwiinvest.co.nz/our-difference/responsible-investment-policy/generated_global_groups/9244189525.html]
[www.kiwiinvest.co.nz/hs-fs/hubfs/Kiwi Investment Management/Logos/Kiwi-Invest-Outline-white-reg-tm-86px2f80.png]
[no-cache.hubspot.com/cta/default/703880/9b850771-1980-4858-81cd-b3fbca02fdaa.png]
[www.kiwiinvest.co.nz/our-difference/responsible-investment-policy/generated_global_groups/5477551338.html]
[www.kiwiinvest.co.nz/our-difference/responsible-investment-policy/POST]
[www.kiwiinvest.co.nz/our-difference/responsible-investment-policy/proxy-voting.html]
[www.kiwiinvest.co.nz/responsible-investment-policy/generated_global_groups/9244189525.html]
[www.kiwiinvest.co.nz/responsible-investment-policy/generated_global_groups/5477551338.html]
[www.kiwiinvest.co.nz/responsible-investment-policy/POST]
[www.kiwiinvest.co.nz/responsible-investment-policy/exclusions.html]
[www.kiwiinvest.co.nz/our-difference/generated_global_groups/20759371018.html]
[www.kiwiinvest.co.nz/our-difference/generated_global_groups/5477551338.html]
[www.kiwiinvest.co.nz/our-difference/POST.html]
[www.kiwiinvest.co.nz/hubfs/Kiwi Investment Management/Icons/Building- Understanding.svg]
[www.kiwiinvest.co.nz/hubfs/Kiwi Investment Management/Icons/Talking Risk.svg]
[www.kiwiinvest.co.nz/hubfs/Kiwi Investment Management/Icons/Evaluating & Selecting.svg]
[www.kiwiinvest.co.nz/hubfs/Kiwi Investment Management/Icons/Optimising- Performance.svg]
[www.kiwiinvest.co.nz/generated_global_groups/5471566366.html]
[design-assets.hubspot.com/hubfs/Assets/Slick/slick.min.css]
[www.kiwiinvest.co.nz/hs-fs/hub/703880/hub_generated/module_assets/30930276857/1592520404692/module_30930276857_KI_-_Testimonial_Slider_thematic_campaign.min.css]
[www.kiwiinvest.co.nz/hubfs/Kiwi Investment Management/Global Thematic campaign/Lighthouse-CapeReinga-2000x700px.jpg]
[www.kiwiinvest.co.nz/hs-fs/hubfs/Kiwi Investment Management/Logos/Kiwi-Invest-Mossgreen-Tag-RGB-small8b01.png]
[no-cache.hubspot.com/cta/default/703880/6eb30a0c-9d45-4cda-8ca2-9b5c746ebceb.png]
[www.kiwiinvest.co.nz/hubfs/Kiwi Investment Management/Global Thematic campaign/GTvsMSCI-March2020.jpg]
[www.kiwiinvest.co.nz/hubfs/Kiwi Investment Management/Global Thematic campaign/GTvsMSCI-Q12020.jpg]
[no-cache.hubspot.com/cta/default/703880/9f3fbd37-f6d7-4918-9d00-f0542dfbe434.png]
[www.kiwiinvest.co.nz/hubfs/Kiwi Investment Management/Global Thematic campaign/Kiwi Invest_Identifying.png]
[www.kiwiinvest.co.nz/hubfs/Kiwi Investment Management/Global Thematic campaign/Kiwi Invest_Optimising Performance.png]
[www.kiwiinvest.co.nz/hubfs/Kiwi Investment Management/Global Thematic campaign/Kiwi Invest_Excellence.png]
[www.kiwiinvest.co.nz/hubfs/Kiwi Investment Management/Global Thematic campaign/Kiwi Invest_Risk Restrictions.png]
[www.kiwiinvest.co.nz/hubfs/Kiwi Investment Management/Global Thematic campaign/Kiwi Invest_Responsible Iinvestments.png]
[no-cache.hubspot.com/cta/default/703880/d04b33f1-b8df-49a1-8c79-b4a793c0b8fc.png]
[www.kiwiinvest.co.nz/hubfs/Kiwi Investment Management/Global Thematic campaign/nesting.jpg]
[www.kiwiinvest.co.nz/hubfs/Kiwi Investment Management/Team/nathan.png]
[www.kiwiinvest.co.nz/hs-fs/hubfs/Kiwi Investment Management/Team/peterc425.png]
[www.kiwiinvest.co.nz/hs-fs/hubfs/Matthew Laing (2)d072.jpg]
[no-cache.hubspot.com/cta/default/703880/df645b45-f20b-4391-a2cb-932a8025be8e.png]
[no-cache.hubspot.com/cta/default/703880/a9795057-a745-4791-abac-6a232c700fac.png]
[no-cache.hubspot.com/cta/default/703880/1ef8db4d-d27d-4d64-bb7d-e64d3eb1881d.png]
[www.kiwiinvest.co.nz/globalthematic.html]
[www.kiwiinvest.co.nz/generated_global_groups/20759370933.html]
[design-assets.hubspot.com/hubfs/Assets/Slick/slick.min.js]
[www.kiwiinvest.co.nz/hs-fs/hubfs/Kiwi Investment Management/Team/simonf674.png]
[www.kiwiinvest.co.nz/simon-ogrady.html]
[www.kiwiinvest.co.nz/hs-fs/hubfs/Kiwi Investment Management/Team/susan0323.png]
[www.kiwiinvest.co.nz/susan-easton.html]
[www.kiwiinvest.co.nz/hs-fs/hubfs/Kiwi Investment Management/Team/diana2bf3.png]
[www.kiwiinvest.co.nz/diana-gordon.html]
[www.kiwiinvest.co.nz/hs-fs/hubfs/Kiwi Investment Management/Team/peter451f.png]
[www.kiwiinvest.co.nz/peter-verhaart.html]
[www.kiwiinvest.co.nz/hs-fs/hubfs/Kiwi Investment Management/Team/roger8954.png]
[www.kiwiinvest.co.nz/roger-browne.html]
[www.kiwiinvest.co.nz/hs-fs/hubfs/Kiwi Investment Management/Team/dennis0d90.png]
[www.kiwiinvest.co.nz/dennis-edel.html]
[www.kiwiinvest.co.nz/hs-fs/hubfs/Matthew Laing (2)c459.jpg]
[www.kiwiinvest.co.nz/matthew-laing.html]
[www.kiwiinvest.co.nz/hs-fs/hubfs/Kiwi Investment Management/Team/nathan9094.png]
[www.kiwiinvest.co.nz/nathan-field.html]
[www.kiwiinvest.co.nz/hs-fs/hubfs/Kiwi Investment Management/Team/steffan642e.png]
[www.kiwiinvest.co.nz/steffan-berridge.html]
[www.kiwiinvest.co.nz/hs-fs/hubfs/Kiwi Investment Management/Team/frankc4cc.png]
[www.kiwiinvest.co.nz/frank-braden.html]
[www.kiwiinvest.co.nz/hs-fs/hubfs/Kiwi Investment Management/Team/greg007e.png]
[www.kiwiinvest.co.nz/greg-hayton.html]
[www.kiwiinvest.co.nz/hs-fs/hubfs/Kiwi Investment Management/Team/Rob-Murray97a1.png]
[www.kiwiinvest.co.nz/robert-murray.html]
[www.kiwiinvest.co.nz/hs-fs/hubfs/Kiwi Investment Management/Team/johnson-weng9c65.png]
[www.kiwiinvest.co.nz/johnson-weng.html]
[www.kiwiinvest.co.nz/hs-fs/hubfs/paul shucksmitha328.jpg]
[www.kiwiinvest.co.nz/paul-shucksmith.html]
[www.kiwiinvest.co.nz/hs-fs/hubfs/Kiwi Investment Management/Team/Regan-Edwards6d9b.png]
[www.kiwiinvest.co.nz/regan-edwards.html]
[www.kiwiinvest.co.nz/hs-fs/hubfs/di zhu resizeece7.jpg]
[www.kiwiinvest.co.nz/di-zhu.html]
[www.kiwiinvest.co.nz/hs-fs/hubfs/danecda.png]
[www.kiwiinvest.co.nz/daniel-collett.html]
[www.kiwiinvest.co.nz/hs-fs/hubfs/vinko06f0.png]
[www.kiwiinvest.co.nz/vinko-marinovic.html]
[www.kiwiinvest.co.nz/hs-fs/hubfs/benjaminf8c2.png]
[www.kiwiinvest.co.nz/benjamin-wilton.html]
[www.kiwiinvest.co.nz/hubfs/Kiwi Investment Management/Organisation-chart (4).svg]
[www.kiwiinvest.co.nz/generated_global_groups/20759370966.html]
[www.kiwiinvest.co.nz/hs-fs/hub/703880/hub_generated/module_assets/1574892338835/module_20771033711_Callout_Download_Item_-_Ungated.min.css]
[www.kiwiinvest.co.nz/hs-fs/hub/703880/hub_generated/module_assets/1574892296119/module_22118541136_Callout_Download_Item_-_Gated.min.css]
[www.kiwiinvest.co.nz/hs-fs/hub/703880/hub_generated/module_assets/1574892041476/module_12615420708_Blog_Download_Item_-_Sidebar.min.css]
[www.kiwiinvest.co.nz/hs-fs/hub/703880/hub_generated/module_assets/1574892668893/module_22224176029_Blog_Download_Item_-_Sidebar_gated.min.css]
[www.kiwiinvest.co.nz/hs-fs/hub/703880/hub_generated/module_assets/1574820108904/module_22121942468_Optional_newsletter_signup.min.css]
[www.kiwiinvest.co.nz/hs/hsstatic/AsyncSupport/static-1.89/sass/rss_post_listing.css]
[www.kiwiinvest.co.nz/hs-fs/hub/703880/hub_generated/template_assets/3900428282/1569676134084/Coded_files/Custom/page/GMI_Assets/Slick.min.css]
[cdn2.hubspot.net/hubfs/476360/Blog_Template/css/slick/ajax-loader.gif]
[www.kiwiinvest.co.nz/hs-fs/hub/703880/hub_generated/template_assets/6817560157/1569676152586/Marketplace/March_2019_Campaign/R_Word_-_blog/Coded_Files/fonts/slick.eot]
[www.kiwiinvest.co.nz/hs-fs/hub/703880/hub_generated/template_assets/6817560157/1569676152586/Marketplace/March_2019_Campaign/R_Word_-_blog/Coded_Files/fonts/slickd41d.eot]
[www.kiwiinvest.co.nz/hs-fs/hub/703880/hub_generated/template_assets/6817560157/1569676152586/Marketplace/March_2019_Campaign/R_Word_-_blog/Coded_Files/fonts/slick.woff]
[www.kiwiinvest.co.nz/hs-fs/hub/703880/hub_generated/template_assets/6817560157/1569676152586/Marketplace/March_2019_Campaign/R_Word_-_blog/Coded_Files/fonts/slick.ttf]
[www.kiwiinvest.co.nz/hs-fs/hub/703880/hub_generated/template_assets/6817560157/1569676152586/Marketplace/March_2019_Campaign/R_Word_-_blog/Coded_Files/fonts/slick.svg]
[www.kiwiinvest.co.nz/hs-fs/hub/703880/hub_generated/template_assets/6817560157/1569676152586/Marketplace/March_2019_Campaign/R_Word_-_blog/Coded_Files/slick-theme.min.css]
[cdn2.hubspot.net/hub/7052064/hub_generated/template_assets/1608073166352/hubspot/hubspot_default/shared/responsive/layout.min.css]
[www.kiwiinvest.co.nz/investment-insights/page/1.html]
[www.kiwiinvest.co.nz/investment-insights/page/generated_global_groups/38257060736.html]
[www.kiwiinvest.co.nz/investment-insights/economic-and-market-outlook-for-2019-whats-in-store-for-investors-this-year.html]
[www.kiwiinvest.co.nz/hubfs/blur-business-chart-159888-1.jpg]
[www.kiwiinvest.co.nz/investment-insights/a-solid-year-of-outperformance-for-kiwi-wealth-global-thematic-strategy.html]
[www.kiwiinvest.co.nz/hubfs/samuel-zeller-158996-unsplash-1-1.jpg]
[www.kiwiinvest.co.nz/investment-insights/media-release-new-wholesale-investment-service-introduced-by-kiwi-wealth.html]
[www.kiwiinvest.co.nz/investment-insights/the-reason-behind-the-rapid-growth-of-mobility-as-a-service-and-what-it-means-for-investors.html]
[www.kiwiinvest.co.nz/hubfs/1.Website_Images/19._KI_OurUpdates/1. Smart Thinking/KW blogs migration/thought-catalog-643368-unsplash.jpg]
[www.kiwiinvest.co.nz/investment-insights/put-the-super-in-superwoman-address-the-gap.html]
[www.kiwiinvest.co.nz/hubfs/1.Website_Images/19._KI_OurUpdates/1. Smart Thinking/KW blogs migration/poster-316690_1280.jpg]
[www.kiwiinvest.co.nz/investment-insights/changing-the-conversation-in-a-male-dominated-finance-world.html]
[www.kiwiinvest.co.nz/hubfs/1.Website_Images/19._KI_OurUpdates/1. Smart Thinking/KW blogs migration/image-from-rawpixel-id-392216-jpeg.jpg]
[www.kiwiinvest.co.nz/investment-insights/opinion-four-reasons-to-favour-high-yield-bonds.html]
[www.kiwiinvest.co.nz/hubfs/1.Website_Images/19._KI_OurUpdates/1. Smart Thinking/KW blogs migration/chart-data-desk-590011.webp]
[www.kiwiinvest.co.nz/investment-insights/opinion-take-that-moat-out-of-your-eye.html]
[www.kiwiinvest.co.nz/hubfs/1.Website_Images/19._KI_OurUpdates/1. Smart Thinking/KW blogs migration/kees-streefkerk-352799-unsplash.jpg]
[www.kiwiinvest.co.nz/investment-insights/heres-why-active-management-is-so-important-for-your-investment-strategy.html]
[www.kiwiinvest.co.nz/hubfs/1.Website_Images/19._KI_OurUpdates/1. Smart Thinking/KW blogs migration/rawpixel-579241-unsplash.jpg]
[www.kiwiinvest.co.nz/investment-insights/investing-in-an-imperfect-world.html]
[www.kiwiinvest.co.nz/hubfs/images/landing-pages/ri-whitepaper-plain.png]
[www.kiwiinvest.co.nz/investment-insights/page/generated_global_groups/5481431955.html]
[www.kiwiinvest.co.nz/investment-insights/page/generated_global_groups/5477551338.html]
[www.kiwiinvest.co.nz/investment-insights/page/POST]
[www.kiwiinvest.co.nz/investment-insights/page/2.html]
[www.kiwiinvest.co.nz/investment-insights/pandemic-baby-boom-a-bust3d9f.html]
[www.kiwiinvest.co.nz/investment-insights/generated_global_groups/38257060736.html]
[www.kiwiinvest.co.nz/hubfs/images/team/blog-authors/nathan-f-125px.png]
[www.kiwiinvest.co.nz/investment-insights/author/nathan-field.html]
[www.kiwiinvest.co.nz/hs-fs/hubfs/Fertility&COVID-600px8c4f.jpg]
[www.kiwiinvest.co.nz/investment-insights/generated_global_groups/5481431955.html]
[www.kiwiinvest.co.nz/investment-insights/generated_global_groups/5477551338.html]
[www.kiwiinvest.co.nz/investment-insights/POST]
[www.kiwiinvest.co.nz/investment-insights/pandemic-baby-boom-a-bust.html]
[www.kiwiinvest.co.nz/investment-insights/us-election-comfort-in-gridlock3d9f.html]
[www.kiwiinvest.co.nz/hubfs/images/team/blog-authors/frank-b-125px.png]
[www.kiwiinvest.co.nz/investment-insights/author/frank-braden.html]
[www.kiwiinvest.co.nz/hs-fs/hubfs/WhiteHouseVCapitol6c14.jpg]
[www.kiwiinvest.co.nz/investment-insights/us-election-comfort-in-gridlock.html]
[www.kiwiinvest.co.nz/hs-fs/hub/703880/hub_generated/module_assets/5793009562/1578859966506/module_5793009562_KW_-_Hero_Banner_-_rich_text.min.css]
[www.kiwiinvest.co.nz/generated_global_groups/9244189525.html]
[www.kiwiinvest.co.nz/hubfs/2020ClientGigs-Header-Fullsize-Sep-15-2020-01-44-01-85-AM.jpg]
[www.kiwiinvest.co.nz/hubfs/Kiwi Investment Management/Team/diana.png]
[www.kiwiinvest.co.nz/hubfs/Kiwi Investment Management/Team/frank.png]
[www.kiwiinvest.co.nz/hubfs/Kiwi Investment Management/Team/steffan.png]
[design-assets.hubspot.com/hubfs/Assets/Paraxify/paraxify.min.js]
[www.kiwiinvest.co.nz/2020-seminar-updates.html]
[www.kiwiinvest.co.nz/hs-fs/hub/703880/hub_generated/module_assets/5793009562/1578859966434/module_5793009562_KW_-_Hero_Banner_-_rich_text.min.js]
[www.kiwiinvest.co.nz/investment-insights/kiwi-invest-secures-movac-investment3d9f.html]
[www.kiwiinvest.co.nz/hubfs/blog-files/contributor-icon.png]
[www.kiwiinvest.co.nz/investment-insights/kiwi-invest-secures-movac-investment.html]
[www.kiwiinvest.co.nz/investment-insights/author/contributor.html]
[www.kiwiinvest.co.nz/investment-insights/green-washing-undermines-true-responsible-investment3d9f.html]
[www.kiwiinvest.co.nz/hubfs/ki-author-logo.png]
[www.kiwiinvest.co.nz/investment-insights/green-washing-undermines-true-responsible-investment.html]
[www.kiwiinvest.co.nz/investment-insights/author/kiwi-invest.html]
[www.kiwiinvest.co.nz/investment-insights/rbnz-outlook-remains-dovish3d9f.html]
[www.kiwiinvest.co.nz/hubfs/GMI_Assets/Member_Photo/GregH.jpg]
[www.kiwiinvest.co.nz/investment-insights/rbnz-outlook-remains-dovish.html]
[www.kiwiinvest.co.nz/investment-insights/author/greg-hayton.html]
[www.kiwiinvest.co.nz/investment-insights/how-were-working-to-reduce-the-performance-impact-of-covid-193d9f.html]
[fast.wistia.com/assets/images/blank.gif]
[www.kiwiinvest.co.nz/investment-insights/how-were-working-to-reduce-the-performance-impact-of-covid-19.html]
[www.kiwiinvest.co.nz/investment-insights/turning-ethics-into-action-the-kiwi-way3d9f.html]
[www.kiwiinvest.co.nz/hs-fs/hubfs/Kiwi Investment Management/paintbrush-ri1e3a.jpg]
[www.kiwiinvest.co.nz/investment-insights/turning-ethics-into-action-the-kiwi-way.html]
[www.kiwiinvest.co.nz/our-difference/responsible-investment-policy/proxy-votingceb0.html]
[www.kiwiinvest.co.nz/investment-insights/budget-2020-delicate-sound-of-thunder3d9f.html]
[www.kiwiinvest.co.nz/hubfs/images/team/Ben-Wilton-round.png]
[www.kiwiinvest.co.nz/investment-insights/author/benjamin-wilton.html]
[www.kiwiinvest.co.nz/hs-fs/hubfs/budget 20200e25.jpg]
[www.kiwiinvest.co.nz/investment-insights/budget-2020-delicate-sound-of-thunder.html]
[www.kiwiinvest.co.nz/investment-insights/covid-19-regular-market-update3d9f.html]
[www.kiwiinvest.co.nz/hs-fs/hubfs/dow jones 30 year 2505200c4f.png]
[www.kiwiinvest.co.nz/hs-fs/hubfs/dow jones ytd 2505202f06.png]
[www.kiwiinvest.co.nz/hs-fs/hubfs/trump tweets 3 aprileaad.jpg]
[www.kiwiinvest.co.nz/hs-fs/hubfs/euro stock indexes 1 april9c1d.jpg]
[www.kiwiinvest.co.nz/hs-fs/hubfs/200330 us unemployment claims44e0.jpg]
[www.kiwiinvest.co.nz/investment-insights/covid-19-regular-market-update.html]
[www.kiwiinvest.co.nz/investment-insights/what-its-like-to-make-billion-dollar-investment-decisions-during-covid-19.html]
[www.kiwiinvest.co.nz/investment-insights/what-its-like-to-make-billion-dollar-investment-decisions-during-covid-193d9f.html]
[www.kiwiinvest.co.nz/investment-insights/should-i-panic-and-sell-or-hold-tight.html]
[www.kiwiinvest.co.nz/investment-insights/should-i-panic-and-sell-or-hold-tight3d9f.html]
[www.kiwiinvest.co.nz/investment-insights/the-manic-monday-guide-to-market-panic3d9f.html]
[www.kiwiinvest.co.nz/hubfs/Simon-1.png]
[www.kiwiinvest.co.nz/investment-insights/author/simon-ogrady-cio.html]
[www.kiwiinvest.co.nz/hs-fs/hubfs/200326-sharesgraph-kia821.png]
[www.kiwiinvest.co.nz/investment-insights/the-manic-monday-guide-to-market-panic.html]
[www.kiwiinvest.co.nz/investment-insights/coronavirus-market-impact-update.html]
[www.kiwiinvest.co.nz/investment-insights/coronavirus-market-impact-update3d9f.html]
[www.kiwiinvest.co.nz/investment-insights/a-locals-global-view-us-/-uk-market-update3d9f.html]
[www.kiwiinvest.co.nz/investment-insights/a-locals-global-view-us-/generated_global_groups/38257060736.html]
[www.kiwiinvest.co.nz/hubfs/images/team/blog-authors/diana-g-125px.png]
[www.kiwiinvest.co.nz/investment-insights/author/diana-gordon.html]
[www.kiwiinvest.co.nz/hs-fs/hubfs/Wall-St1142.jpg]
[www.kiwiinvest.co.nz/investment-insights/a-locals-global-view-us-/generated_global_groups/5481431955.html]
[www.kiwiinvest.co.nz/investment-insights/a-locals-global-view-us-/generated_global_groups/5477551338.html]
[www.kiwiinvest.co.nz/investment-insights/a-locals-global-view-us-/POST]
[www.kiwiinvest.co.nz/investment-insights/a-locals-global-view-us-/-uk-market-update.html]
[www.kiwiinvest.co.nz/investment-insights/wake-up-and-go-spend.html]
[www.kiwiinvest.co.nz/investment-insights/wake-up-and-go-spend3d9f.html]
[www.kiwiinvest.co.nz/investment-insights/markets-barely-reacting-to-new-british-pm-but-brexit-could-change-everything3d9f.html]
[www.kiwiinvest.co.nz/hubfs/images/team/RobertM-round.png]
[www.kiwiinvest.co.nz/investment-insights/author/robert-murray.html]
[www.kiwiinvest.co.nz/hs-fs/hubfs/1.Website_Images/19._KI_OurUpdates/1. Smart Thinking/KW blogs migration/BoJo (1)60b4.jpg]
[www.kiwiinvest.co.nz/investment-insights/markets-barely-reacting-to-new-british-pm-but-brexit-could-change-everything.html]
[www.kiwiinvest.co.nz/investment-insights/investing-in-social-media-companies3d9f.html]
[www.kiwiinvest.co.nz/hubfs/Steffan-3.png]
[www.kiwiinvest.co.nz/investment-insights/author/steffan-berridge.html]
[www.kiwiinvest.co.nz/hs-fs/hubfs/1.Website_Images/19._KI_OurUpdates/1. Smart Thinking/KW blogs migration/con-karampelas-1178814-unsplashc564.jpg]
[www.kiwiinvest.co.nz/investment-insights/investing-in-social-media-companies.html]
[www.kiwiinvest.co.nz/investment-insights/nesting-a-global-theme-growing-within-lockdown3d9f.html]
[www.kiwiinvest.co.nz/hs-fs/hubfs/nestingf374.jpg]
[www.kiwiinvest.co.nz/investment-insights/nesting-a-global-theme-growing-within-lockdown.html]
[www.kiwiinvest.co.nz/investment-insights/global-beauty-an-investors-look3d9f.html]
[www.kiwiinvest.co.nz/hs-fs/hubfs/GlobalBeautyBlog-Headera1ee.jpg]
[www.kiwiinvest.co.nz/investment-insights/global-beauty-an-investors-look.html]
[www.kiwiinvest.co.nz/investment-insights/taking-responsibility-further3d9f.html]
[www.kiwiinvest.co.nz/hubfs/Screen Shot 2019-09-24 at 9.03.31 AM.png]
[www.kiwiinvest.co.nz/investment-insights/taking-responsibility-further.html]
[www.kiwiinvest.co.nz/investment-insights/the-active-advantage.html]
[www.kiwiinvest.co.nz/investment-insights/the-active-advantage3d9f.html]
[www.kiwiinvest.co.nz/investment-insights/why-the-pet-pampering-market-has-investors-panting3d9f.html]
[www.kiwiinvest.co.nz/hs-fs/hubfs/1.Website_Images/19._KI_OurUpdates/1. Smart Thinking/KW blogs migration/image-from-rawpixel-id-542161-jpeg (1)4e45.jpg]
[www.kiwiinvest.co.nz/investment-insights/why-the-pet-pampering-market-has-investors-panting.html]
[www.kiwiinvest.co.nz/investment-insights/heres-why-fast-fashion-is-slowing-down-as-an-investment-theme3d9f.html]
[www.kiwiinvest.co.nz/hs-fs/hubfs/1.Website_Images/19._KI_OurUpdates/1. Smart Thinking/KW blogs migration/fashion-1031469_640 (1)1618.jpg]
[www.kiwiinvest.co.nz/investment-insights/heres-why-fast-fashion-is-slowing-down-as-an-investment-theme.html]
[www.kiwiinvest.co.nz/investment-insights/what-should-i-look-out-for-when-it-comes-to-responsible-investing.html]
[www.kiwiinvest.co.nz/investment-insights/what-should-i-look-out-for-when-it-comes-to-responsible-investing3d9f.html]
[www.kiwiinvest.co.nz/investment-insights/how-do-i-know-what-im-paying-for3d9f.html]
[www.kiwiinvest.co.nz/hs-fs/hubfs/1.Website_Images/19._KI_OurUpdates/2. Key Questions/fee_transparency821f.png]
[www.kiwiinvest.co.nz/investment-insights/how-do-i-know-what-im-paying-for.html]
[www.kiwiinvest.co.nz/investment-insights/how-can-i-make-reporting-work-for-my-charity3d9f.html]
[www.kiwiinvest.co.nz/hs-fs/hubfs/1.Website_Images/19._KI_OurUpdates/2. Key Questions/reporting_transparency3281.png]
[www.kiwiinvest.co.nz/hs-fs/hubfs/1.Website_Images/19._KI_OurUpdates/2. Key Questions/reporting_ideal7596.png]
[www.kiwiinvest.co.nz/investment-insights/how-can-i-make-reporting-work-for-my-charity.html]
[www.kiwiinvest.co.nz/investment-insights/what-should-my-reporting-tell-me3d9f.html]
[www.kiwiinvest.co.nz/investment-insights/what-should-my-reporting-tell-me.html]
[www.kiwiinvest.co.nz/investment-insights/how-can-i-make-sure-my-eggs-arent-in-one-basket3d9f.html]
[www.kiwiinvest.co.nz/hs-fs/hubfs/1.Website_Images/19._KI_OurUpdates/2. Key Questions/diverse_markets8aa8.png]
[www.kiwiinvest.co.nz/hs-fs/hubfs/1.Website_Images/19._KI_OurUpdates/2. Key Questions/diverse_investmentsbeac.png]
[www.kiwiinvest.co.nz/hs-fs/hubfs/1.Website_Images/19._KI_OurUpdates/2. Key Questions/diverse_strategies5b34.png]
[www.kiwiinvest.co.nz/investment-insights/how-can-i-make-sure-my-eggs-arent-in-one-basket.html]
[www.kiwiinvest.co.nz/investment-insights/why-is-it-important-to-take-a-long-term-view3d9f.html]
[www.kiwiinvest.co.nz/investment-insights/why-is-it-important-to-take-a-long-term-view.html]
[www.kiwiinvest.co.nz/investment-insights/what-should-investors-discuss-upfront-with-an-adviser3d9f.html]
[www.kiwiinvest.co.nz/investment-insights/what-should-investors-discuss-upfront-with-an-adviser.html]
[www.kiwiinvest.co.nz/investment-insights/why-should-investors-consider-risk-before-reward3d9f.html]
[www.kiwiinvest.co.nz/hs-fs/hubfs/1.Website_Images/19._KI_OurUpdates/2. Key Questions/risk_capacity5f76.png]
[www.kiwiinvest.co.nz/investment-insights/why-should-investors-consider-risk-before-reward.html]
[www.kiwiinvest.co.nz/investment-insights/how-do-i-define-a-risk-budget3d9f.html]
[www.kiwiinvest.co.nz/hs-fs/hubfs/1.Website_Images/19._KI_OurUpdates/2. Key Questions/risk_goals091e.png]
[www.kiwiinvest.co.nz/hs-fs/hubfs/1.Website_Images/19._KI_OurUpdates/2. Key Questions/risk_willingnesscffd.png]
[www.kiwiinvest.co.nz/hs-fs/hubfs/1.Website_Images/19._KI_OurUpdates/2. Key Questions/risk_timing15c6.png]
[www.kiwiinvest.co.nz/investment-insights/how-do-i-define-a-risk-budget.html]
[www.kiwiinvest.co.nz/investment-insights/what-should-every-good-sipo-cover3d9f.html]
[www.kiwiinvest.co.nz/investment-insights/what-should-every-good-sipo-cover.html]
[www.kiwiinvest.co.nz/investment-insights/market-update-november3d9f.html]
[www.kiwiinvest.co.nz/hs-fs/hubfs/Kiwi Investment Management/Monthly update (Missive)/GlobalMarketUpdate-NOVDEC-1200px4d72.png]
[www.kiwiinvest.co.nz/hs-fs/hubfs/nathan-fieldfc5c.png]
[www.kiwiinvest.co.nz/hs-fs/hubfs/Steffan-353ee.png]
[www.kiwiinvest.co.nz/hs-fs/hubfs/images/team/blog-authors/diana-g-125px5fe5.png]
[www.kiwiinvest.co.nz/investment-insights/market-update-november.html]
[www.kiwiinvest.co.nz/investment-insights/market-update-october3d9f.html]
[www.kiwiinvest.co.nz/hubfs/KW1148-Di-Zhu.png]
[www.kiwiinvest.co.nz/investment-insights/author/di-zhu.html]
[www.kiwiinvest.co.nz/hs-fs/hubfs/GlobalMarketUpdate-OctNov-1200pxfb67.png]
[www.kiwiinvest.co.nz/investment-insights/market-update-october.html]
[www.kiwiinvest.co.nz/investment-insights/market-update-september3d9f.html]
[www.kiwiinvest.co.nz/hs-fs/hubfs/GlobalMarketUpdate-SeptOct-1200pxcc5d.png]
[www.kiwiinvest.co.nz/hs-fs/hubfs/images/team/paul-shucksmith-round-bg16ea.png]
[www.kiwiinvest.co.nz/investment-insights/market-update-september.html]
[www.kiwiinvest.co.nz/investment-insights/market-update-august-20203d9f.html]
[www.kiwiinvest.co.nz/hs-fs/hubfs/GlobalMarketUpdate-AugSept-1200px3973.png]
[cdn2.hubspot.net/hub/703880/hubfs/Steffan-353ee.png]
[www.kiwiinvest.co.nz/hs-fs/hubfs/1.Website_Images/01._Homepage/Profiles/Carousel/Greg0a88.png]
[www.kiwiinvest.co.nz/investment-insights/market-update-august-2020.html]
[www.kiwiinvest.co.nz/investment-insights/market-update-july-20203d9f.html]
[www.kiwiinvest.co.nz/hs-fs/hubfs/Kiwi Investment Management/Monthly update (Missive)/GlobalMarketUpdate-JulyAug-1200px1da1.png]
[www.kiwiinvest.co.nz/hs-fs/hubfs/Diana-1cee8.png]
[www.kiwiinvest.co.nz/investment-insights/market-update-july-2020.html]
[www.kiwiinvest.co.nz/investment-insights/market-update-june-20203d9f.html]
[www.kiwiinvest.co.nz/hubfs/images/team/johnson-weng-round-bg.png]
[www.kiwiinvest.co.nz/investment-insights/author/johnson-weng.html]
[www.kiwiinvest.co.nz/hs-fs/hubfs/Kiwi Investment Management/Monthly update (Missive)/GlobalMarketUpdate-JuneJuly-1200px580e.png]
[www.kiwiinvest.co.nz/investment-insights/market-update-june-2020.html]
[www.kiwiinvest.co.nz/investment-insights/market-update-may-20203d9f.html]
[www.kiwiinvest.co.nz/hs-fs/hubfs/Kiwi Investment Management/Monthly update (Missive)/GlobalMarketUpdate-MayJune-1200px987c.png]
[www.kiwiinvest.co.nz/hs-fs/hubfs/images/team/Ben-Wilton-roundf9ba.png]
[www.kiwiinvest.co.nz/investment-insights/market-update-may-2020.html]
[www.kiwiinvest.co.nz/investment-insights/market-update-april-20203d9f.html]
[www.kiwiinvest.co.nz/hs-fs/hubfs/Kiwi Investment Management/Monthly update (Missive)/GlobalMarketUpdate-APR-MAY-1200pxe1be.png]
[cdn2.hubspot.net/hub/703880/hubfs/images/team/blog-authors/diana-g-125px5fe5.png]
[www.kiwiinvest.co.nz/investment-insights/market-update-april-2020.html]
[www.kiwiinvest.co.nz/investment-insights/market-update-march-20203d9f.html]
[www.kiwiinvest.co.nz/hs-fs/hubfs/Diana-2d78c.png]
[www.kiwiinvest.co.nz/hs-fs/hubfs/email/ki-missive/MAR_APR-GlobalMarketUpdate5d5b.png]
[www.kiwiinvest.co.nz/investment-insights/market-update-march-2020.html]
[www.kiwiinvest.co.nz/investment-insights/market-update-february-20203d9f.html]
[www.kiwiinvest.co.nz/hs-fs/hubfs/Kiwi Investment Management/Email/GlobalMarketUpdate-Template-MARCH5e63.png]
[www.kiwiinvest.co.nz/investment-insights/market-update-february-2020.html]
[www.kiwiinvest.co.nz/investment-insights/market-update-january-20203d9f.html]
[www.kiwiinvest.co.nz/hs-fs/hubfs/Kiwi Investment Management/Monthly update (Missive)/Feb-GlobalMarketUpdate-Template44d5.png]
[www.kiwiinvest.co.nz/investment-insights/market-update-january-2020.html]
[www.kiwiinvest.co.nz/investment-insights/2019-review-2020-outlook3d9f.html]
[www.kiwiinvest.co.nz/hs-fs/hubfs/Kiwi Investment Management/2019Review GRAPHICSddfe.png]
[www.kiwiinvest.co.nz/hs-fs/hubfs/Kiwi Investment Management/2019-market-performanceb9a7.png]
[www.kiwiinvest.co.nz/hs-fs/hubfs/Kiwi Investment Management/nz-yield-curve20ad.png]
[www.kiwiinvest.co.nz/hs-fs/hubfs/Kiwi Investment Management/2019-asset-class-returns303f.png]
[www.kiwiinvest.co.nz/hs-fs/hubfs/Kiwi Investment Management/total-returns-on-pps-growth-portfolios9769.png]
[www.kiwiinvest.co.nz/hs-fs/hubfs/Kiwi Investment Management/calendar-year-returns-on-pps-growthdbbd.png]
[www.kiwiinvest.co.nz/hs-fs/hubfs/Kiwi Investment Management/2019-performance-table34cd.png]
[www.kiwiinvest.co.nz/hs-fs/hubfs/Kiwi Investment Management/2020Outlook GRAPHICS76d2.png]
[www.kiwiinvest.co.nz/investment-insights/2019-review-2020-outlook.html]
[www.kiwiinvest.co.nz/investment-insights/market-update-november-20193d9f.html]
[www.kiwiinvest.co.nz/hs-fs/hubfs/Kiwi Investment Management/Monthly update (Missive)/Nov-Dec-GlobalMarketUpdate-1200pxb58c.png]
[www.kiwiinvest.co.nz/hs-fs/hubfs/images/team/johnson-weng-round-bg76a7.png]
[www.kiwiinvest.co.nz/investment-insights/market-update-november-2019.html]
[www.kiwiinvest.co.nz/investment-insights/market-update-august-2019-0-03d9f.html]
[www.kiwiinvest.co.nz/hs-fs/hubfs/Kiwi Investment Management/GlobalMarketUpdate-15.106f91.png]
[www.kiwiinvest.co.nz/hubfs/download.png]
[www.kiwiinvest.co.nz/investment-insights/market-update-august-2019-0-0.html]
[www.kiwiinvest.co.nz/investment-insights/market-update-august-2019-03d9f.html]
[www.kiwiinvest.co.nz/hs-fs/hubfs/1.Website_Images/19._KI_OurUpdates/3. Market Updates/2019-09 September/GlobalMarketUpdate-Graphics-Sept19ba45.png]
[www.kiwiinvest.co.nz/investment-insights/market-update-august-2019-0.html]
[www.kiwiinvest.co.nz/investment-insights/market-update-august-20193d9f.html]
[www.kiwiinvest.co.nz/hs-fs/hubfs/1.Website_Images/19._KI_OurUpdates/3. Market Updates/2019-08 August/GlobalMarketUpdate-JULY9135.png]
[www.kiwiinvest.co.nz/investment-insights/market-update-august-2019.html]
[www.kiwiinvest.co.nz/hs-fs/hub/703880/hub_generated/module_assets/1557366027117/module_5707549722_HubSpot_Modules_KI_-_Accordion_Toggle.min.css]
[www.kiwiinvest.co.nz/hubfs/Kiwi Investment Management/Icons/Up-arrow.svg]
[www.kiwiinvest.co.nz/our-difference/responsible-investment-policy/generated_global_groups/9244189525.html]
[www.kiwiinvest.co.nz/our-difference/responsible-investment-policy/generated_global_groups/5477551338.html]
[www.kiwiinvest.co.nz/our-difference/responsible-investment-policy/POST.html]
[www.kiwiinvest.co.nz/responsible-investment-policy/generated_global_groups/9244189525.html]
[www.kiwiinvest.co.nz/responsible-investment-policy/generated_global_groups/5477551338.html]
[www.kiwiinvest.co.nz/responsible-investment-policy/POST.html]
[design-assets.hubspot.com/hubfs/Assets/Slick/slick.min.css]
[design-assets.hubspot.com/hubfs/Slick Slider/ajax-loader.gif]
[www.kiwiinvest.co.nz/hs-fs/hub/703880/hub_generated/module_assets/30930276857/1592520404692/module_30930276857_KI_-_Testimonial_Slider_thematic_campaign.min.css]
[www.kiwiinvest.co.nz/hs-fs/hub/703880/hub_generated/template_assets/6817560157/1569676152586/Marketplace/March_2019_Campaign/R_Word_-_blog/Coded_Files/fonts/slick.html]
[www.kiwiinvest.co.nz/hs-fs/hub/703880/hub_generated/template_assets/6817560157/1569676152586/Marketplace/March_2019_Campaign/R_Word_-_blog/Coded_Files/fonts/slickd41d.html]
[www.kiwiinvest.co.nz/hs-fs/hub/703880/hub_generated/template_assets/6817560157/1569676152586/Marketplace/March_2019_Campaign/R_Word_-_blog/Coded_Files/fonts/slick-2.html]
[www.kiwiinvest.co.nz/hs-fs/hub/703880/hub_generated/template_assets/6817560157/1569676152586/Marketplace/March_2019_Campaign/R_Word_-_blog/Coded_Files/fonts/slick-3.html]
[www.kiwiinvest.co.nz/hs-fs/hub/703880/hub_generated/template_assets/6817560157/1569676152586/Marketplace/March_2019_Campaign/R_Word_-_blog/Coded_Files/fonts/slick-4.html]
[cdn2.hubspot.net/hub/7052064/hub_generated/template_assets/1608073166352/hubspot/hubspot_default/shared/responsive/layout.min.css]
[www.kiwiinvest.co.nz/investment-insights/page/1.html]
[www.kiwiinvest.co.nz/investment-insights/page/generated_global_groups/38257060736.html]
[www.kiwiinvest.co.nz/investment-insights/economic-and-market-outlook-for-2019-whats-in-store-for-investors-this-year3d9f.html]
[www.kiwiinvest.co.nz/hubfs/images/team/John-C-90px.png]
[www.kiwiinvest.co.nz/investment-insights/author/john-carran.html]
[www.kiwiinvest.co.nz/hs-fs/hubfs/1.Website_Images/19._KI_OurUpdates/1. Smart Thinking/KW blogs migration/MSCI-global-shares62d1.png]
[www.kiwiinvest.co.nz/hs-fs/hubfs/1.Website_Images/19._KI_OurUpdates/1. Smart Thinking/KW blogs migration/2018-economic-growth07f2.png]
[www.kiwiinvest.co.nz/hs-fs/hubfs/1.Website_Images/19._KI_OurUpdates/1. Smart Thinking/KW blogs migration/2018-CPI-inflationca7b.png]
[www.kiwiinvest.co.nz/hs-fs/hubfs/1.Website_Images/19._KI_OurUpdates/1. Smart Thinking/KW blogs migration/interest-ratesa38a.png]
[www.kiwiinvest.co.nz/hs-fs/hubfs/1.Website_Images/19._KI_OurUpdates/1. Smart Thinking/KW blogs migration/S&P500-earnings-ratiof39c.png]
[www.kiwiinvest.co.nz/investment-insights/economic-and-market-outlook-for-2019-whats-in-store-for-investors-this-year.html]
[www.kiwiinvest.co.nz/investment-insights/a-solid-year-of-outperformance-for-kiwi-wealth-global-thematic-strategy.html]
[www.kiwiinvest.co.nz/investment-insights/a-solid-year-of-outperformance-for-kiwi-wealth-global-thematic-strategy3d9f.html]
[www.kiwiinvest.co.nz/investment-insights/media-release-new-wholesale-investment-service-introduced-by-kiwi-wealth.html]
[www.kiwiinvest.co.nz/investment-insights/media-release-new-wholesale-investment-service-introduced-by-kiwi-wealth3d9f.html]
[www.kiwiinvest.co.nz/investment-insights/the-reason-behind-the-rapid-growth-of-mobility-as-a-service-and-what-it-means-for-investors3d9f.html]
[www.kiwiinvest.co.nz/hs-fs/hubfs/1.Website_Images/19._KI_OurUpdates/1. Smart Thinking/KW blogs migration/thought-catalog-643368-unsplash3efa.jpg]
[www.kiwiinvest.co.nz/investment-insights/the-reason-behind-the-rapid-growth-of-mobility-as-a-service-and-what-it-means-for-investors.html]
[www.kiwiinvest.co.nz/investment-insights/put-the-super-in-superwoman-address-the-gap3d9f.html]
[www.kiwiinvest.co.nz/hubfs/email/Markets_Weekly/Susanne.png]
[www.kiwiinvest.co.nz/investment-insights/author/susan-easton.html]
[www.kiwiinvest.co.nz/hs-fs/hubfs/1.Website_Images/19._KI_OurUpdates/1. Smart Thinking/KW blogs migration/poster-316690_1280be4f.jpg]
[www.kiwiinvest.co.nz/hs-fs/hubfs/1.Website_Images/19._KI_OurUpdates/1. Smart Thinking/KW blogs migration/Women are Super graph Susan13fc.png]
[www.kiwiinvest.co.nz/investment-insights/put-the-super-in-superwoman-address-the-gap.html]
[www.kiwiinvest.co.nz/investment-insights/changing-the-conversation-in-a-male-dominated-finance-world3d9f.html]
[www.kiwiinvest.co.nz/hs-fs/hubfs/1.Website_Images/19._KI_OurUpdates/1. Smart Thinking/KW blogs migration/image-from-rawpixel-id-392216-jpeg74ad.jpg]
[www.kiwiinvest.co.nz/investment-insights/changing-the-conversation-in-a-male-dominated-finance-world.html]
[www.kiwiinvest.co.nz/investment-insights/opinion-four-reasons-to-favour-high-yield-bonds3d9f.html]
[www.kiwiinvest.co.nz/hs-fs/hubfs/1.Website_Images/19._KI_OurUpdates/1. Smart Thinking/KW blogs migration/imaged4cb.png]
[www.kiwiinvest.co.nz/investment-insights/opinion-four-reasons-to-favour-high-yield-bonds.html]
[www.kiwiinvest.co.nz/investment-insights/opinion-take-that-moat-out-of-your-eye3d9f.html]
[www.kiwiinvest.co.nz/hs-fs/hubfs/1.Website_Images/19._KI_OurUpdates/1. Smart Thinking/KW blogs migration/kees-streefkerk-352799-unsplash7761.jpg]
[www.kiwiinvest.co.nz/investment-insights/opinion-take-that-moat-out-of-your-eye.html]
[www.kiwiinvest.co.nz/investment-insights/heres-why-active-management-is-so-important-for-your-investment-strategy3d9f.html]
[www.kiwiinvest.co.nz/hs-fs/hubfs/1.Website_Images/19._KI_OurUpdates/1. Smart Thinking/KW blogs migration/rawpixel-579241-unsplashf8cd.jpg]
[www.kiwiinvest.co.nz/investment-insights/heres-why-active-management-is-so-important-for-your-investment-strategy.html]
[www.kiwiinvest.co.nz/investment-insights/investing-in-an-imperfect-world.html]
[www.kiwiinvest.co.nz/investment-insights/page/generated_global_groups/5481431955.html]
[www.kiwiinvest.co.nz/investment-insights/page/generated_global_groups/5477551338.html]
[www.kiwiinvest.co.nz/investment-insights/page/POST.html]
[www.kiwiinvest.co.nz/investment-insights/investing-in-an-imperfect-world3d9f.html]
[cdn.ampproject.org/v0/amp-analytics-0.1.js]
[cdn.ampproject.org/v0.js]
[track.hubspot.com/__ptq09e6.gif]
[www.kiwiinvest.co.nz/investment-insights/pandemic-baby-boom-a-bust3d9f.html]
[www.kiwiinvest.co.nz/investment-insights/generated_global_groups/38257060736.html]
[www.kiwiinvest.co.nz/index.html]
[www.kiwiinvest.co.nz/investment-insights/author/generated_global_groups/38257060736.html]
[www.kiwiinvest.co.nz/investment-insights/author/generated_global_groups/5481431955.html]
[www.kiwiinvest.co.nz/investment-insights/author/generated_global_groups/5477551338.html]
[www.kiwiinvest.co.nz/investment-insights/author/POST]
[www.kiwiinvest.co.nz/investment-insights/author/nathan-field.html]
[www.kiwiinvest.co.nz/investment-insights/generated_global_groups/5481431955.html]
[www.kiwiinvest.co.nz/investment-insights/generated_global_groups/5477551338.html]
[www.kiwiinvest.co.nz/investment-insights/POST.html]
[track.hubspot.com/__ptq953a.gif]
[www.kiwiinvest.co.nz/investment-insights/us-election-comfort-in-gridlock3d9f.html]
[www.kiwiinvest.co.nz/investment-insights/author/frank-braden.html]
[www.kiwiinvest.co.nz/hs-fs/hub/703880/hub_generated/module_assets/5793009562/1578859966506/module_5793009562_KW_-_Hero_Banner_-_rich_text.min.css]
[www.kiwiinvest.co.nz/generated_global_groups/9244189525.html]
[track.hubspot.com/__ptqe255.gif]
[www.kiwiinvest.co.nz/investment-insights/kiwi-invest-secures-movac-investment3d9f.html]
[www.kiwiinvest.co.nz/investment-insights/author/contributor.html]
[track.hubspot.com/__ptq76a2.gif]
[www.kiwiinvest.co.nz/investment-insights/green-washing-undermines-true-responsible-investment3d9f.html]
[www.kiwiinvest.co.nz/investment-insights/author/kiwi-invest.html]
[track.hubspot.com/__ptq0b08.gif]
[www.kiwiinvest.co.nz/investment-insights/rbnz-outlook-remains-dovish3d9f.html]
[www.kiwiinvest.co.nz/investment-insights/author/greg-hayton.html]
[cdn.ampproject.org/v0/amp-wistia-player-0.1.js]
[cdn.ampproject.org/v0/amp-video-0.1.js]
[track.hubspot.com/__ptqcd40.gif]
[www.kiwiinvest.co.nz/investment-insights/how-were-working-to-reduce-the-performance-impact-of-covid-193d9f.html]
[track.hubspot.com/__ptqf368.gif]
[www.kiwiinvest.co.nz/investment-insights/turning-ethics-into-action-the-kiwi-way3d9f.html]
[www.kiwiinvest.co.nz/our-difference/responsible-investment-policy/proxy-votingceb0.html]
[track.hubspot.com/__ptq3327.gif]
[www.kiwiinvest.co.nz/investment-insights/budget-2020-delicate-sound-of-thunder3d9f.html]
[www.kiwiinvest.co.nz/investment-insights/author/benjamin-wilton.html]
[track.hubspot.com/__ptq1f39.gif]
[www.kiwiinvest.co.nz/investment-insights/covid-19-regular-market-update3d9f.html]
[track.hubspot.com/__ptqf783.gif]
[www.kiwiinvest.co.nz/investment-insights/what-its-like-to-make-billion-dollar-investment-decisions-during-covid-193d9f.html]
[track.hubspot.com/__ptqfdc0.gif]
[www.kiwiinvest.co.nz/investment-insights/should-i-panic-and-sell-or-hold-tight3d9f.html]
[track.hubspot.com/__ptq563b.gif]
[www.kiwiinvest.co.nz/investment-insights/the-manic-monday-guide-to-market-panic3d9f.html]
[www.kiwiinvest.co.nz/investment-insights/author/simon-ogrady-cio.html]
[track.hubspot.com/__ptqe7bf.gif]
[www.kiwiinvest.co.nz/investment-insights/coronavirus-market-impact-update3d9f.html]
[track.hubspot.com/__ptq3840.gif]
[www.kiwiinvest.co.nz/investment-insights/a-locals-global-view-us-/-uk-market-update3d9f.html]
[www.kiwiinvest.co.nz/investment-insights/a-locals-global-view-us-/generated_global_groups/38257060736.html]
[www.kiwiinvest.co.nz/investment-insights/author/diana-gordon.html]
[www.kiwiinvest.co.nz/investment-insights/a-locals-global-view-us-/generated_global_groups/5481431955.html]
[www.kiwiinvest.co.nz/investment-insights/a-locals-global-view-us-/generated_global_groups/5477551338.html]
[www.kiwiinvest.co.nz/investment-insights/a-locals-global-view-us-/POST.html]
[track.hubspot.com/__ptqcb4f.gif]
[www.kiwiinvest.co.nz/investment-insights/wake-up-and-go-spend3d9f.html]
[track.hubspot.com/__ptq1125.gif]
[www.kiwiinvest.co.nz/investment-insights/markets-barely-reacting-to-new-british-pm-but-brexit-could-change-everything3d9f.html]
[www.kiwiinvest.co.nz/investment-insights/author/robert-murray.html]
[track.hubspot.com/__ptq9486.gif]
[www.kiwiinvest.co.nz/investment-insights/investing-in-social-media-companies3d9f.html]
[www.kiwiinvest.co.nz/investment-insights/author/steffan-berridge.html]
[track.hubspot.com/__ptq80b0.gif]
[www.kiwiinvest.co.nz/investment-insights/nesting-a-global-theme-growing-within-lockdown3d9f.html]
[track.hubspot.com/__ptqd9d0.gif]
[www.kiwiinvest.co.nz/investment-insights/global-beauty-an-investors-look3d9f.html]
[track.hubspot.com/__ptqaecd.gif]
[www.kiwiinvest.co.nz/investment-insights/taking-responsibility-further3d9f.html]
[track.hubspot.com/__ptq246b.gif]
[www.kiwiinvest.co.nz/investment-insights/the-active-advantage3d9f.html]
[track.hubspot.com/__ptqe591.gif]
[www.kiwiinvest.co.nz/investment-insights/why-the-pet-pampering-market-has-investors-panting3d9f.html]
[track.hubspot.com/__ptq9779.gif]
[www.kiwiinvest.co.nz/investment-insights/heres-why-fast-fashion-is-slowing-down-as-an-investment-theme3d9f.html]
[track.hubspot.com/__ptq4fce.gif]
[www.kiwiinvest.co.nz/investment-insights/what-should-i-look-out-for-when-it-comes-to-responsible-investing3d9f.html]
[track.hubspot.com/__ptq6b6b.gif]
[www.kiwiinvest.co.nz/investment-insights/how-do-i-know-what-im-paying-for3d9f.html]
[track.hubspot.com/__ptqbaea.gif]
[www.kiwiinvest.co.nz/investment-insights/how-can-i-make-reporting-work-for-my-charity3d9f.html]
[track.hubspot.com/__ptq7c22.gif]
[www.kiwiinvest.co.nz/investment-insights/what-should-my-reporting-tell-me3d9f.html]
[track.hubspot.com/__ptq9c01.gif]
[www.kiwiinvest.co.nz/investment-insights/how-can-i-make-sure-my-eggs-arent-in-one-basket3d9f.html]
[track.hubspot.com/__ptqecb4.gif]
[www.kiwiinvest.co.nz/investment-insights/why-is-it-important-to-take-a-long-term-view3d9f.html]
[track.hubspot.com/__ptq2e65.gif]
[www.kiwiinvest.co.nz/investment-insights/what-should-investors-discuss-upfront-with-an-adviser3d9f.html]
[track.hubspot.com/__ptqe83d.gif]
[www.kiwiinvest.co.nz/investment-insights/why-should-investors-consider-risk-before-reward3d9f.html]
[track.hubspot.com/__ptqe61a.gif]
[www.kiwiinvest.co.nz/investment-insights/how-do-i-define-a-risk-budget3d9f.html]
[track.hubspot.com/__ptq456a.gif]
[www.kiwiinvest.co.nz/investment-insights/what-should-every-good-sipo-cover3d9f.html]
[track.hubspot.com/__ptq32be.gif]
[www.kiwiinvest.co.nz/investment-insights/market-update-november3d9f.html]
[track.hubspot.com/__ptq8ae6.gif]
[www.kiwiinvest.co.nz/investment-insights/market-update-october3d9f.html]
[www.kiwiinvest.co.nz/investment-insights/author/di-zhu.html]
[track.hubspot.com/__ptq4c04.gif]
[www.kiwiinvest.co.nz/investment-insights/market-update-september3d9f.html]
[track.hubspot.com/__ptqe4d0.gif]
[www.kiwiinvest.co.nz/investment-insights/market-update-august-20203d9f.html]
[track.hubspot.com/__ptq24d6.gif]
[www.kiwiinvest.co.nz/investment-insights/market-update-july-20203d9f.html]
[track.hubspot.com/__ptq88ee.gif]
[www.kiwiinvest.co.nz/investment-insights/market-update-june-20203d9f.html]
[www.kiwiinvest.co.nz/investment-insights/author/johnson-weng.html]
[track.hubspot.com/__ptq6fa6.gif]
[www.kiwiinvest.co.nz/investment-insights/market-update-may-20203d9f.html]
[track.hubspot.com/__ptqf223.gif]
[www.kiwiinvest.co.nz/investment-insights/market-update-april-20203d9f.html]
[track.hubspot.com/__ptq9d82.gif]
[www.kiwiinvest.co.nz/investment-insights/market-update-march-20203d9f.html]
[track.hubspot.com/__ptq7bb5.gif]
[www.kiwiinvest.co.nz/investment-insights/market-update-february-20203d9f.html]
[track.hubspot.com/__ptq9c52.gif]
[www.kiwiinvest.co.nz/investment-insights/market-update-january-20203d9f.html]
[track.hubspot.com/__ptqaa64.gif]
[www.kiwiinvest.co.nz/investment-insights/2019-review-2020-outlook3d9f.html]
[track.hubspot.com/__ptq918f.gif]
[www.kiwiinvest.co.nz/investment-insights/market-update-november-20193d9f.html]
[track.hubspot.com/__ptqa591.gif]
[www.kiwiinvest.co.nz/investment-insights/market-update-august-2019-0-03d9f.html]
[track.hubspot.com/__ptqe64d.gif]
[www.kiwiinvest.co.nz/investment-insights/market-update-august-2019-03d9f.html]
[track.hubspot.com/__ptq55bf.gif]
[www.kiwiinvest.co.nz/investment-insights/market-update-august-20193d9f.html]
[track.hubspot.com/__ptq2deb.gif]
[www.kiwiinvest.co.nz/investment-insights/economic-and-market-outlook-for-2019-whats-in-store-for-investors-this-year3d9f.html]
[www.kiwiinvest.co.nz/investment-insights/author/john-carran.html]
[track.hubspot.com/__ptq75ce.gif]
[www.kiwiinvest.co.nz/investment-insights/a-solid-year-of-outperformance-for-kiwi-wealth-global-thematic-strategy3d9f.html]
[track.hubspot.com/__ptq0d3c.gif]
[www.kiwiinvest.co.nz/investment-insights/media-release-new-wholesale-investment-service-introduced-by-kiwi-wealth3d9f.html]
[track.hubspot.com/__ptq6601.gif]
[www.kiwiinvest.co.nz/investment-insights/the-reason-behind-the-rapid-growth-of-mobility-as-a-service-and-what-it-means-for-investors3d9f.html]
[track.hubspot.com/__ptq9fb7.gif]
[www.kiwiinvest.co.nz/investment-insights/put-the-super-in-superwoman-address-the-gap3d9f.html]
[www.kiwiinvest.co.nz/investment-insights/author/susan-easton.html]
[track.hubspot.com/__ptqea54.gif]
[www.kiwiinvest.co.nz/investment-insights/changing-the-conversation-in-a-male-dominated-finance-world3d9f.html]
[track.hubspot.com/__ptq959e.gif]
[www.kiwiinvest.co.nz/investment-insights/opinion-four-reasons-to-favour-high-yield-bonds3d9f.html]
[track.hubspot.com/__ptq94d8.gif]
[www.kiwiinvest.co.nz/investment-insights/opinion-take-that-moat-out-of-your-eye3d9f.html]
[track.hubspot.com/__ptqeae1.gif]
[www.kiwiinvest.co.nz/investment-insights/heres-why-active-management-is-so-important-for-your-investment-strategy3d9f.html]
[track.hubspot.com/__ptqccd7.gif]
[www.kiwiinvest.co.nz/investment-insights/investing-in-an-imperfect-world3d9f.html]
[www.kiwiinvest.co.nz/investment-insights/author/generated_global_groups/38257060736.html]
[www.kiwiinvest.co.nz/investment-insights/author/generated_global_groups/5481431955.html]
[www.kiwiinvest.co.nz/investment-insights/author/generated_global_groups/5477551338.html]
[www.kiwiinvest.co.nz/investment-insights/author/POST.html]
